[www.icliniq.com/en_US/index.html]
[backblue.gif]
[fade.gif]
[index.html]
[assets.icliniq.com/v2/assets/bootstrap-5.0.0-dist/css/bootstrap.min.css]
[www.icliniq.com/fontawesome-pro-5/css/all.min.css]
[www.icliniq.com/en_US/owl.video.play.2.delayed]
[www.icliniq.com/en_US/index5593.html]
[assets.icliniq.com/v2/assets/images/hompage-image/Banner-min-bg.jpg]
[assets.icliniq.com/v2/assets/images/hompage-image/Banner-min-crop-bg.jpg]
[assets.icliniq.com/v2/assets/images/hompage-image/Comfortable.jpg]
[assets.icliniq.com/v2/assets/images/hompage-image/Anytime-1.jpg]
[assets.icliniq.com/v2/assets/images/hompage-image/Security.jpg]
[assets.icliniq.com/v2/assets/images/hompage-image/Appointment.jpg]
[assets.icliniq.com/v2/assets/images/hompage-image/Travel.jpg]
[img.icliniq.com/doc_photo/dr-khalid-basha-105956-61771526bf427-sm.jpg]
[img.icliniq.com/doc_photo/dr-doaa-fikry-mohamed-563956-60e4dff39ecb3-sm.jpg]
[img.icliniq.com/doc_photo/dr-dholariya-sagar-jayantilal-165151-60df90f3881cb-sm.jpg]
[assets.icliniq.com/v2/assets/bootstrap-4.5.3-dist/js/bootstrap.min.js]
[assets.icliniq.com/v2/assets/js/owl.carousel.min.js]
[assets.icliniq.com/images/boot/godaddy_seal.gif]
[www.icliniq.com/en_US/index.html]
[client.crisp.chat/l.js]
[cdn.ampproject.org/v0.js]
[cdn.ampproject.org/v0/amp-carousel-0.1.js]
[cdn.ampproject.org/v0/amp-analytics-0.1.js]
[cdn.ampproject.org/v0/amp-sidebar-0.1.js]
[cdn.ampproject.org/v0/amp-accordion-0.1.js]
[cdn.ampproject.org/v0/amp-selector-0.1.js]
[cdn.ampproject.org/v0/amp-form-0.1.js]
[cdn.ampproject.org/v0/amp-fit-text-0.1.js]
[assets.icliniq.com/v2/assets/images/hompage-image/Chat-min.jpg]
[assets.icliniq.com/v2/assets/images/hompage-image/Call-min.jpg]
[assets.icliniq.com/v2/assets/images/hompage-image/Video-call-min.jpg]
[assets.icliniq.com/v2/assets/images/hompage-image/Query-consult.jpg]
[assets.icliniq.com/v2/assets/images/hompage-image/choose-the-doctor-min-1.jpg]
[img.icliniq.com/doc_photo/dr-dr-c-sharath-kumar-183223-60df8bfc578b3-sm.jpg]
[img.icliniq.com/doc_photo/dr-bharat-joshi-727465-6130698ca3423-sm.jpg]
[img.icliniq.com/doc_photo/dr-parth-r-goswami-153169-625e8bcc5c264-sm.jpg]
[img.icliniq.com/doc_photo/drricha-agarwal-1060-58bfd1316272a-sm.jpg]
[img.icliniq.com/doc_photo/dr-vishal-anilkumar-gandhi-265720-5cb9c700835dd-sm.jpg]
[img.icliniq.com/doc_photo/dr-faisal-abdul-karim-malim-135478-60e379a677f1a-sm.jpg]
[assets.icliniq.com/v2/assets/images/default-article-home-1.png]
[img.icliniq.com/doc_photo/dr-pandian-959890-61e6a662ac1bd-sm.jpg]
[assets.icliniq.com/v2/assets/images/default-article-home-2.png]
[img.icliniq.com/doc_photo/dr-namrata-singhal-1-1040214-62b3f529ed689-sm.jpg]
[assets.icliniq.com/v2/assets/images/default-article-home-3.png]
[img.icliniq.com/doc_photo/dr-geetha-1008578-625a6f686ae28-sm.jpg]
[assets.icliniq.com/v2/assets/images/default-article-home-4.png]
[img.icliniq.com/doc_photo/dr-dr-kaushal-bhavsar-468025-60de25c7dca56-sm.jpg]
[assets.icliniq.com/v2/assets/images/default-article-home-5.png]
[img.icliniq.com/doc_photo/dr-a-srividya-971219-620a000166996-sm.jpg]
[assets.icliniq.com/v2/assets/images/default-article-home-6.png]
[assets.icliniq.com/v2/assets/images/ic-mentions/the-hindu.jpg]
[assets.icliniq.com/v2/assets/images/ic-mentions/times-india.jpg]
[www.icliniq.com/en_US/index5593.html]
[assets.icliniq.com/v2/assets/bootstrap-5.0.0-dist/css/bootstrap.min.css]
[www.icliniq.com/fontawesome-pro-5/css/all.min.css]
[www.icliniq.com/en_US/owl.video.play.html]
